[1746838320] SERVICE ALERT: srv-app-01;Memory Usage;WARNING;HARD;3;Memory WARNING: used 7102 MB / 8192 MB (86.7%)
[1746838320] SERVICE NOTIFICATION: nagiosadmin;srv-app-01;Memory Usage;WARNING;notify-service-by-email;Memory pressure building on srv-app-01
[1746839400] SERVICE ALERT: srv-app-01;Memory Usage;CRITICAL;HARD;3;Memory CRITICAL: used 7981 MB / 8192 MB (97.4%) - warn=80% crit=95%
[1746839400] SERVICE NOTIFICATION: nagiosadmin;srv-app-01;Memory Usage;CRITICAL;notify-service-by-email;Memory exhaustion on srv-app-01 - OOM killer may activate
[1746839400] SERVICE ALERT: srv-app-01;Swap Usage;WARNING;HARD;3;SWAP WARNING: used 3812 MB / 4096 MB (93.1%) - system swapping heavily
[1746839400] SERVICE NOTIFICATION: nagiosadmin;srv-app-01;Swap Usage;WARNING;notify-service-by-email;Swap nearly exhausted on srv-app-01
[1746839640] HOST ALERT: srv-app-01;DOWN;HARD;3;ICMP: check_icmp: No answer from host
[1746839640] HOST NOTIFICATION: nagiosadmin;srv-app-01;DOWN;notify-host-by-email;Host is DOWN - last seen with critical memory and cpu
[1746839640] SERVICE ALERT: srv-web-01;HTTP;CRITICAL;HARD;3;HTTP CRITICAL: HTTP/1.1 502 Bad Gateway - backend unreachable
[1746839640] SERVICE NOTIFICATION: nagiosadmin;srv-web-01;HTTP;CRITICAL;notify-service-by-email;HTTP 502 - app tier srv-app-01 is down
[1746839640] SERVICE ALERT: srv-web-01;App API Health;CRITICAL;HARD;3;CRITICAL: upstream connect error - connection refused on 10.0.1.42:8080
[1746839640] SERVICE NOTIFICATION: nagiosadmin;srv-web-01;App API Health;CRITICAL;notify-service-by-email;API backend offline - cascading from srv-app-01 failure
[1746840000] SERVICE ALERT: srv-files-01;Disk Usage /var/log;WARNING;SOFT;1;DISK WARNING: /var/log free space: 4821 MB (18%) - warn=20% crit=5%
[1746840120] SERVICE ALERT: srv-files-01;Disk Usage /var/log;WARNING;HARD;3;DISK WARNING: /var/log free space: 3204 MB (12%)
[1746840120] SERVICE NOTIFICATION: nagiosadmin;srv-files-01;Disk Usage /var/log;WARNING;notify-service-by-email;Log partition filling on srv-files-01
[1746840600] SERVICE ALERT: srv-files-01;Disk Usage /var/log;CRITICAL;HARD;3;DISK CRITICAL: /var/log free space: 1102 MB (4%) - warn=20% crit=5%
[1746840600] SERVICE NOTIFICATION: nagiosadmin;srv-files-01;Disk Usage /var/log;CRITICAL;notify-service-by-email;Log partition nearly full - log writes will fail
[1746840900] SERVICE ALERT: srv-files-01;Disk Usage /var/log;CRITICAL;HARD;3;DISK CRITICAL: /var/log free space: 0 MB (0%) - partition FULL
[1746840900] SERVICE NOTIFICATION: nagiosadmin;srv-files-01;Disk Usage /var/log;CRITICAL;notify-service-by-email;DISK FULL: /var/log on srv-files-01 - services will fail to log
[1746840900] SERVICE ALERT: srv-files-01;Syslog;CRITICAL;HARD;3;syslog not responding - possible write failure due to full disk
[1746840900] SERVICE NOTIFICATION: nagiosadmin;srv-files-01;Syslog;CRITICAL;notify-service-by-email;Syslog dead on srv-files-01 - full disk suspected
[1746840900] SERVICE ALERT: srv-build-01;Disk Usage /opt/builds;WARNING;SOFT;1;DISK WARNING: /opt/builds free space: 12442 MB (11%) - warn=15% crit=5%
[1746841020] SERVICE ALERT: srv-build-01;Disk Usage /opt/builds;CRITICAL;HARD;3;DISK CRITICAL: /opt/builds free space: 2018 MB (2%)
[1746841020] SERVICE NOTIFICATION: nagiosadmin;srv-build-01;Disk Usage /opt/builds;CRITICAL;notify-service-by-email;Build artifact disk critical on srv-build-01
[1746841200] SERVICE ALERT: srv-db-02;Memory Usage;WARNING;SOFT;1;Memory WARNING: used 28.1 GB / 32 GB (87.8%) - warn=85% crit=95%
[1746841320] SERVICE ALERT: srv-db-02;Memory Usage;WARNING;HARD;3;Memory WARNING: used 29.4 GB / 32 GB (91.9%)
[1746841320] SERVICE NOTIFICATION: nagiosadmin;srv-db-02;Memory Usage;WARNING;notify-service-by-email;High memory on srv-db-02 - check for connection leaks
[1746841500] SERVICE ALERT: srv-build-01;Disk Usage /opt/builds;CRITICAL;HARD;3;DISK CRITICAL: /opt/builds free space: 0 MB (0%) - partition FULL
[1746841500] SERVICE NOTIFICATION: nagiosadmin;srv-build-01;Disk Usage /opt/builds;CRITICAL;notify-service-by-email;Build disk FULL - CI/CD jobs will fail
[1746841500] SERVICE ALERT: srv-build-01;Jenkins Health;CRITICAL;HARD;3;HTTP CRITICAL: HTTP/1.1 500 Internal Server Error - Jenkins cannot write workspace
[1746841500] SERVICE NOTIFICATION: nagiosadmin;srv-build-01;Jenkins Health;CRITICAL;notify-service-by-email;Jenkins down on srv-build-01 - disk full
[1746841800] SERVICE ALERT: srv-db-02;Memory Usage;CRITICAL;HARD;3;Memory CRITICAL: used 31.2 GB / 32 GB (97.5%) - warn=85% crit=95%
[1746841800] SERVICE NOTIFICATION: nagiosadmin;srv-db-02;Memory Usage;CRITICAL;notify-service-by-email;Memory exhaustion on srv-db-02 - DB instability likely
[1746841800] SERVICE ALERT: srv-db-02;MySQL Threads Connected;CRITICAL;HARD;3;MySQL CRITICAL: 1521 threads connected (warn=500 crit=1000) - connection pool leak suspected
[1746841800] SERVICE NOTIFICATION: nagiosadmin;srv-db-02;MySQL Threads Connected;CRITICAL;notify-service-by-email;MySQL thread count critical - 1521 connections open
[1746842700] HOST ALERT: srv-app-01;UP;HARD;1;ICMP: rta 0.923ms, lost 0%
[1746842700] HOST NOTIFICATION: nagiosadmin;srv-app-01;RECOVERY;notify-host-by-email;Host is UP
[1746842700] SERVICE ALERT: srv-app-01;CPU Load;OK;HARD;1;CPU OK: load average: 0.44, 0.31, 0.18
[1746842700] SERVICE ALERT: srv-app-01;Memory Usage;OK;HARD;1;Memory OK: used 2841 MB / 8192 MB (34.7%)
[1746842700] SERVICE NOTIFICATION: nagiosadmin;srv-app-01;CPU Load;RECOVERY;notify-service-by-email;CPU back to normal after process termination
[1746842700] SERVICE NOTIFICATION: nagiosadmin;srv-app-01;Memory Usage;RECOVERY;notify-service-by-email;Memory recovered on srv-app-01
[1746842760] SERVICE ALERT: srv-web-01;HTTP;OK;HARD;1;HTTP OK: HTTP/1.1 200 OK - 0.287s - 22841 bytes
[1746842760] SERVICE ALERT: srv-web-01;App API Health;OK;HARD;1;OK: upstream healthy - 10.0.1.42:8080 responding
[1746842760] SERVICE NOTIFICATION: nagiosadmin;srv-web-01;HTTP;RECOVERY;notify-service-by-email;HTTP recovered - app tier restored
[1746842760] SERVICE NOTIFICATION: nagiosadmin;srv-web-01;App API Health;RECOVERY;notify-service-by-email;API backend healthy again
[1746843300] SERVICE ALERT: srv-monitor-01;CPU Load;WARNING;HARD;3;CPU WARNING: load average: 3.91, 3.44, 2.87 - high check recheck load
[1746843300] SERVICE NOTIFICATION: nagiosadmin;srv-monitor-01;CPU Load;WARNING;notify-service-by-email;Nagios host CPU elevated - large re-check burst in progress
[1746843300] Warning: Check result queue contained 489 unprocessed items (threshold=300). Check workers may be overloaded.
[1746843300] Warning: Max concurrent checks (128) reached - scheduling delays possible.
[1746843900] SERVICE ALERT: srv-monitor-01;CPU Load;OK;HARD;1;CPU OK: load average: 1.02, 1.44, 1.81
[1746843900] SERVICE NOTIFICATION: nagiosadmin;srv-monitor-01;CPU Load;RECOVERY;notify-service-by-email;Nagios host CPU returned to normal
[1746844200] SERVICE ALERT: srv-files-01;Disk Usage /var/log;CRITICAL;HARD;3;DISK CRITICAL: /var/log free space: 0 MB (0%) - still full - no remediation detected
[1746844200] SERVICE ALERT: srv-db-02;Memory Usage;CRITICAL;HARD;3;Memory CRITICAL: used 31.6 GB / 32 GB (98.7%) - no recovery yet
[1746844200] SERVICE ALERT: srv-db-02;MySQL Threads Connected;CRITICAL;HARD;3;MySQL CRITICAL: 1614 threads connected - leak continues
[1746844200] SERVICE ALERT: srv-build-01;Disk Usage /opt/builds;CRITICAL;HARD;3;DISK CRITICAL: /opt/builds free space: 0 MB (0%) - still full
[1746844200] SERVICE ALERT: srv-build-01;Jenkins Health;CRITICAL;HARD;3;HTTP CRITICAL: HTTP/1.1 500 Internal Server Error - disk still full
